V3 15
FL /home/lab661/Documents/xalech-xvymazal/Digital-electronic1/Labs/04-adder/adder/full_adder.vhd 2020/02/27.10:42:31 P.20131013
EN work/full_adder 1582800391 \
      FL /home/lab661/Documents/xalech-xvymazal/Digital-electronic1/Labs/04-adder/adder/full_adder.vhd \
      PB ieee/std_logic_1164 1381692176
AR work/full_adder/Behavioral 1582800392 \
      FL /home/lab661/Documents/xalech-xvymazal/Digital-electronic1/Labs/04-adder/adder/full_adder.vhd \
      EN work/full_adder 1582800391 CP work/half_adder
FL /home/lab661/Documents/xalech-xvymazal/Digital-electronic1/Labs/04-adder/adder/half_adder.vhd 2020/02/27.10:33:55 P.20131013
EN work/half_adder 1582800389 \
      FL /home/lab661/Documents/xalech-xvymazal/Digital-electronic1/Labs/04-adder/adder/half_adder.vhd \
      PB ieee/std_logic_1164 1381692176
AR work/half_adder/Behavioral 1582800390 \
      FL /home/lab661/Documents/xalech-xvymazal/Digital-electronic1/Labs/04-adder/adder/half_adder.vhd \
      EN work/half_adder 1582800389
FL /home/lab661/Documents/xalech-xvymazal/Digital-electronic1/Labs/04-adder/adder/hex_to_7seg.vhd 2020/02/20.10:56:16 P.20131013
EN work/hex_to_7seg 1582800393 \
      FL /home/lab661/Documents/xalech-xvymazal/Digital-electronic1/Labs/04-adder/adder/hex_to_7seg.vhd \
      PB ieee/std_logic_1164 1381692176
AR work/hex_to_7seg/Behavioral 1582800394 \
      FL /home/lab661/Documents/xalech-xvymazal/Digital-electronic1/Labs/04-adder/adder/hex_to_7seg.vhd \
      EN work/hex_to_7seg 1582800393
FL /home/lab661/Documents/xalech-xvymazal/Digital-electronic1/Labs/04-adder/adder/top.vhd 2020/02/27.11:46:04 P.20131013
EN work/top 1582800395 \
      FL /home/lab661/Documents/xalech-xvymazal/Digital-electronic1/Labs/04-adder/adder/top.vhd \
      PB ieee/std_logic_1164 1381692176
AR work/top/Behavioral 1582800396 \
      FL /home/lab661/Documents/xalech-xvymazal/Digital-electronic1/Labs/04-adder/adder/top.vhd \
      EN work/top 1582800395 CP work/full_adder CP work/hex_to_7seg
