V3 15
FL /home/lab661/Documents/vymazal/Digital-electronics-1/Labs/03-segment/hex_to_segment/hex_to_7seg.vhd 2020/03/05.10:07:03 P.20131013
EN work/hex_to_7seg 1583404123 \
      FL /home/lab661/Documents/vymazal/Digital-electronics-1/Labs/03-segment/hex_to_segment/hex_to_7seg.vhd \
      PB ieee/std_logic_1164 1381692176
AR work/hex_to_7seg/Behavioral 1583404124 \
      FL /home/lab661/Documents/vymazal/Digital-electronics-1/Labs/03-segment/hex_to_segment/hex_to_7seg.vhd \
      EN work/hex_to_7seg 1583404123
FL /home/lab661/Documents/vymazal/Digital-electronics-1/Labs/05-counter_binary/binary_counter/binary_cnt.vhd 2020/03/05.10:29:33 P.20131013
EN work/binary_cnt 1583404121 \
      FL /home/lab661/Documents/vymazal/Digital-electronics-1/Labs/05-counter_binary/binary_counter/binary_cnt.vhd \
      PB ieee/std_logic_1164 1381692176 PB ieee/STD_LOGIC_UNSIGNED 1381692179
AR work/binary_cnt/Behavioral 1583404122 \
      FL /home/lab661/Documents/vymazal/Digital-electronics-1/Labs/05-counter_binary/binary_counter/binary_cnt.vhd \
      EN work/binary_cnt 1583404121
FL /home/lab661/Documents/vymazal/Digital-electronics-1/Labs/05-counter_binary/binary_counter/clock_enable.vhd 2020/03/05.10:27:15 P.20131013
EN work/clock_enable 1583404119 \
      FL /home/lab661/Documents/vymazal/Digital-electronics-1/Labs/05-counter_binary/binary_counter/clock_enable.vhd \
      PB ieee/std_logic_1164 1381692176 PB ieee/STD_LOGIC_UNSIGNED 1381692179
AR work/clock_enable/Behavioral 1583404120 \
      FL /home/lab661/Documents/vymazal/Digital-electronics-1/Labs/05-counter_binary/binary_counter/clock_enable.vhd \
      EN work/clock_enable 1583404119
FL /home/lab661/Documents/vymazal/Digital-electronics-1/Labs/05-counter_binary/binary_counter/top.vhd 2020/03/05.11:28:35 P.20131013
EN work/top 1583404125 \
      FL /home/lab661/Documents/vymazal/Digital-electronics-1/Labs/05-counter_binary/binary_counter/top.vhd \
      PB ieee/std_logic_1164 1381692176
AR work/top/Behavioral 1583404126 \
      FL /home/lab661/Documents/vymazal/Digital-electronics-1/Labs/05-counter_binary/binary_counter/top.vhd \
      EN work/top 1583404125 CP work/clock_enable CP work/binary_cnt \
      CP work/hex_to_7seg
