EN hex_to_7seg NULL /home/lab661/Documents/xalech-xvymazal/Digital-electronic1/Labs/03-segment/hex_to_segment/hex_to_7seg.vhd sub00/vhpl00 1582194984
EN top NULL /home/lab661/Documents/xalech-xvymazal/Digital-electronic1/Labs/03-segment/hex_to_segment/top.vhd sub00/vhpl02 1582194986
AR hex_to_7seg behavioral /home/lab661/Documents/xalech-xvymazal/Digital-electronic1/Labs/03-segment/hex_to_segment/hex_to_7seg.vhd sub00/vhpl01 1582194985
AR top behavioral /home/lab661/Documents/xalech-xvymazal/Digital-electronic1/Labs/03-segment/hex_to_segment/top.vhd sub00/vhpl03 1582194987
